
> dev
> concurrently "npm run dev -w server" "npm run dev -w client"

[0] npm timing npm:load:whichnode Completed in 1ms
[0] npm timing npm:load:configload Completed in 7ms
[0] npm timing config:load:flatten Completed in 1ms
[0] npm timing npm:load:mkdirpcache Completed in 1ms
[0] npm timing npm:load:mkdirplogs Completed in 0ms
[0] npm timing npm:load:setTitle Completed in 1ms
[0] npm timing npm:load Completed in 20ms
[1] npm timing npm:load:whichnode Completed in 1ms
[1] npm timing npm:load:configload Completed in 6ms
[1] npm timing config:load:flatten Completed in 2ms
[1] npm timing npm:load:mkdirpcache Completed in 0ms
[1] npm timing npm:load:mkdirplogs Completed in 0ms
[1] npm timing npm:load:setTitle Completed in 0ms
[1] npm timing npm:load Completed in 21ms
[0] 
[0] > cocoa-canvas-server@0.0.1 dev
[0] > tsx watch src/index.ts
[0] 
[1] 
[1] > cocoa-canvas-client@0.0.1 dev
[1] > vite
[1] 
[1] 
[1]   VITE v5.4.21  ready in 212 ms
[1] 
[1]   ➜  Local:   http://localhost:5173/
[1]   ➜  Network: use --host to expose
[0] Server running on port 3001 (API + WebSocket signaling)
[0] npm run dev -w server exited with code SIGTERM
[1] npm run dev -w client exited with code SIGTERM
